2021-04-30 09:56:29,181 - BrowserDriver - INFO - 浏览器:Chrome
2021-04-30 09:56:29,181 - BrowserDriver - INFO - 访问:https://deliverydev.cbim.org.cn:8004/home?isDev=1&env=dev
2021-04-30 09:56:30,808 - BrowserDriver - INFO - 启动谷歌浏览器
2021-04-30 09:56:31,593 - BrowserDriver - INFO - 打开URL: https://deliverydev.cbim.org.cn:8004/home?isDev=1&env=dev
2021-04-30 09:56:31,708 - BrowserDriver - INFO - 全屏当前窗口
2021-04-30 09:56:31,709 - BrowserDriver - INFO - 设置5秒隐式等待时间
